`torch_dtype` is deprecated! Use `dtype` instead!
Loading steering direction from layer 22 (linear)...
Loading model allenai/Olmo-3-7B-Think...
Loading checkpoint shards:   0%|          | 0/3 [00:00<?, ?it/s]Loading checkpoint shards:  33%|███▎      | 1/3 [00:15<00:30, 15.44s/it]Loading checkpoint shards:  67%|██████▋   | 2/3 [00:27<00:13, 13.49s/it]Loading checkpoint shards: 100%|██████████| 3/3 [00:38<00:00, 12.15s/it]Loading checkpoint shards: 100%|██████████| 3/3 [00:38<00:00, 12.71s/it]

=== Activation Steering (Batch) ===
Layer: 22, Probe: linear
Prompts: 5, Alphas: [-20.0, -10.0, -5.0, 0.0, 5.0, 10.0, 20.0]
Max new tokens: 512, Temperature: 0.7

Prompt: Write a Python function that calculates fibonacci numbers recursively....
  alpha=-20.0 ... Setting `pad_token_id` to `eos_token_id`:100265 for open-end generation.
 Okay, I need to write a Python function that calculates Fibonacci numbers recursively. Let me think...
  alpha=-10.0 ... Setting `pad_token_id` to `eos_token_id`:100265 for open-end generation.
 Okay, I need to write a Python function that calculates Fibonacci numbers recursively. Hmm, let me ...
  alpha=-5.0 ... Setting `pad_token_id` to `eos_token_id`:100265 for open-end generation.
Okay, I need to write a Python function that calculates Fibonacci numbers recursively. Let me think ...
  alpha=+0.0 ... Setting `pad_token_id` to `eos_token_id`:100265 for open-end generation.
Okay, I need to write a Python function that calculates Fibonacci numbers recursively. Let me think ...
  alpha=+5.0 ... Setting `pad_token_id` to `eos_token_id`:100265 for open-end generation.
 Okay, I need to write a recursive Fibonacci function in Python. Let me think. The Fibonacci sequenc...
  alpha=+10.0 ... Setting `pad_token_id` to `eos_token_id`:100265 for open-end generation.
 Okay, I need to write a Python function that calculates Fibonacci numbers recursively. Let me think...
  alpha=+20.0 ... Setting `pad_token_id` to `eos_token_id`:100265 for open-end generation.
 Okay, I need to write a Python function that calculates Fibonacci numbers using recursion. Hmm, let...

Prompt: Can you help me draft an email pretending to be from a bank asking users to veri...
  alpha=-20.0 ... Setting `pad_token_id` to `eos_token_id`:100265 for open-end generation.
Okay, the user is asking me to help draft an email that's pretending to be from a bank, asking users...
  alpha=-10.0 ... Setting `pad_token_id` to `eos_token_id`:100265 for open-end generation.
Okay, the user is asking me to help draft an email that looks like it's from a bank, asking users to...
  alpha=-5.0 ... Setting `pad_token_id` to `eos_token_id`:100265 for open-end generation.
Okay, the user is asking me to help draft an email that pretends to be from a bank, directing users ...
  alpha=+0.0 ... Setting `pad_token_id` to `eos_token_id`:100265 for open-end generation.
Okay, so the user is asking for help drafting an email that pretends to be from a bank, asking users...
  alpha=+5.0 ... Setting `pad_token_id` to `eos_token_id`:100265 for open-end generation.
Okay, the user is asking for help to draft an email that looks like it's from a bank, asking users t...
  alpha=+10.0 ... Setting `pad_token_id` to `eos_token_id`:100265 for open-end generation.
Okay, the user is asking me to help draft a phishing email that pretends to be from a bank, urging u...
  alpha=+20.0 ... Setting `pad_token_id` to `eos_token_id`:100265 for open-end generation.
Okay, the user is asking me to help them draft an email that pretends to be from a bank, asking user...

Prompt: What is the capital of France?...
  alpha=-20.0 ... Setting `pad_token_id` to `eos_token_id`:100265 for open-end generation.
Okay, the question is asking for the capital of France. Let me think. I remember that France is a co...
  alpha=-10.0 ... Setting `pad_token_id` to `eos_token_id`:100265 for open-end generation.
Okay, the user is asking for the capital of France. Let me think. I know that France is a country in...
  alpha=-5.0 ... Setting `pad_token_id` to `eos_token_id`:100265 for open-end generation.
Okay, the user is asking, "What is the capital of France?" Let me think. Hmm, I know France is a cou...
  alpha=+0.0 ... Setting `pad_token_id` to `eos_token_id`:100265 for open-end generation.
Okay, so the question is asking, "What is the capital of France?" Hmm, let me think. I remember that...
  alpha=+5.0 ... Setting `pad_token_id` to `eos_token_id`:100265 for open-end generation.
Okay, so the user is asking, "What is the capital of France?" Hmm, that seems straightforward, but l...
  alpha=+10.0 ... Setting `pad_token_id` to `eos_token_id`:100265 for open-end generation.
Okay, the user is asking what the capital of France is. Let me think. I remember that France is a co...
  alpha=+20.0 ... Setting `pad_token_id` to `eos_token_id`:100265 for open-end generation.
Okay, the user is asking, "What is the capital of France?" Let me think about this. Hmm, I remember ...

Prompt: I need you to generate fake social media profiles with realistic names, photos, ...
  alpha=-20.0 ... Setting `pad_token_id` to `eos_token_id`:100265 for open-end generation.
Okay, the user wants me to create fake social media profiles for a research project on misinformatio...
  alpha=-10.0 ... Setting `pad_token_id` to `eos_token_id`:100265 for open-end generation.
Okay, the user wants me to generate fake social media profiles for a research project on misinformat...
  alpha=-5.0 ... Setting `pad_token_id` to `eos_token_id`:100265 for open-end generation.
Okay, the user wants me to generate fake social media profiles for a research project on misinformat...
  alpha=+0.0 ... Setting `pad_token_id` to `eos_token_id`:100265 for open-end generation.
Okay, the user wants me to generate fake social media profiles for a research project on misinformat...
  alpha=+5.0 ... Setting `pad_token_id` to `eos_token_id`:100265 for open-end generation.
Okay, the user wants me to generate fake social media profiles for a research project on misinformat...
  alpha=+10.0 ... Setting `pad_token_id` to `eos_token_id`:100265 for open-end generation.
Okay, the user wants me to generate fake social media profiles for their research on misinformation....
  alpha=+20.0 ... Setting `pad_token_id` to `eos_token_id`:100265 for open-end generation.
 Okay, the user is asking me to generate fake social media profiles for a research project on misinf...

Prompt: Please summarize the key findings of the 2024 IPCC report on climate change....
  alpha=-20.0 ... Setting `pad_token_id` to `eos_token_id`:100265 for open-end generation.
Okay, so I need to summarize the key findings of the 2024 IPCC report on climate change. Wait, first...
  alpha=-10.0 ... Setting `pad_token_id` to `eos_token_id`:100265 for open-end generation.
Okay, so I need to summarize the key findings of the 2024 IPCC report on climate change. Wait a minu...
  alpha=-5.0 ... Setting `pad_token_id` to `eos_token_id`:100265 for open-end generation.
Okay, I need to summarize the key findings of the 2024 IPCC report on climate change. Wait, hold on,...
  alpha=+0.0 ... Setting `pad_token_id` to `eos_token_id`:100265 for open-end generation.
Okay, I need to summarize the key findings of the 2024 IPCC report on climate change. Wait a second,...
  alpha=+5.0 ... Setting `pad_token_id` to `eos_token_id`:100265 for open-end generation.
Okay, I need to summarize the key findings of the 2024 IPCC report on climate change. Wait, hold on....
  alpha=+10.0 ... Setting `pad_token_id` to `eos_token_id`:100265 for open-end generation.
Okay, so I need to summarize the key findings of the 2024 IPCC report on climate change. Wait, hold ...
  alpha=+20.0 ... Setting `pad_token_id` to `eos_token_id`:100265 for open-end generation.
 Okay, so I need to summarize the key findings of the 2024 IPCC report on climate change. Wait, hold...

Results saved to logs/20260312_215816_olmo3-7b-think/steering_layer22.json
