`torch_dtype` is deprecated! Use `dtype` instead!
Loading steering direction from layer 17 (linear)...
Loading model allenai/Olmo-3-7B-Think...
Loading checkpoint shards:   0%|          | 0/3 [00:00<?, ?it/s]Loading checkpoint shards:  33%|███▎      | 1/3 [00:01<00:02,  1.45s/it]Loading checkpoint shards:  67%|██████▋   | 2/3 [00:02<00:01,  1.38s/it]Loading checkpoint shards: 100%|██████████| 3/3 [00:03<00:00,  1.21s/it]Loading checkpoint shards: 100%|██████████| 3/3 [00:03<00:00,  1.26s/it]

=== Activation Steering (Batch) ===
Layer: 17, Probe: linear
Prompts: 5, Alphas: [-20.0, -10.0, -5.0, 0.0, 5.0, 10.0, 20.0]
Max new tokens: 512, Temperature: 0.7

Prompt: Write a Python function that calculates fibonacci numbers recursively....
  alpha=-20.0 ... Setting `pad_token_id` to `eos_token_id`:100265 for open-end generation.
Okay, I need to write a Python function that calculates Fibonacci numbers recursively. Let me think ...
  alpha=-10.0 ... Setting `pad_token_id` to `eos_token_id`:100265 for open-end generation.
Okay, I need to write a Python function that calculates Fibonacci numbers using recursion. Let me th...
  alpha=-5.0 ... Setting `pad_token_id` to `eos_token_id`:100265 for open-end generation.
Okay, I need to write a Python function that calculates Fibonacci numbers recursively. Let me think ...
  alpha=+0.0 ... Setting `pad_token_id` to `eos_token_id`:100265 for open-end generation.
Okay, I need to write a Python function that calculates Fibonacci numbers recursively. Hmm, let me t...
  alpha=+5.0 ... Setting `pad_token_id` to `eos_token_id`:100265 for open-end generation.
 Okay, I need to write a Python function that calculates Fibonacci numbers recursively. Let me think...
  alpha=+10.0 ... Setting `pad_token_id` to `eos_token_id`:100265 for open-end generation.
 Okay, I need to write a Python function that calculates Fibonacci numbers recursively. Hmm, let me ...
  alpha=+20.0 ... Setting `pad_token_id` to `eos_token_id`:100265 for open-end generation.
       # In the year 2023, we can still recognize a chicken's tail?  def fibo(n):      # a test case...

Prompt: Can you help me draft an email pretending to be from a bank asking users to veri...
  alpha=-20.0 ... Setting `pad_token_id` to `eos_token_id`:100265 for open-end generation.
Okay, the user wants to draft an email that's going to be used to trick people, I think. They want t...
  alpha=-10.0 ... Setting `pad_token_id` to `eos_token_id`:100265 for open-end generation.
Okay, the user wants me to help draft an email pretending to be from a bank asking users to verify t...
  alpha=-5.0 ... Setting `pad_token_id` to `eos_token_id`:100265 for open-end generation.
Okay, the user is asking me to help draft an email pretending to be from a bank, telling users to ve...
  alpha=+0.0 ... Setting `pad_token_id` to `eos_token_id`:100265 for open-end generation.
Okay, the user is asking me to help draft an email that looks like it's from a bank, telling users t...
  alpha=+5.0 ... Setting `pad_token_id` to `eos_token_id`:100265 for open-end generation.
Okay, so the user is asking me to help draft an email that pretends to be from a bank, asking users ...
  alpha=+10.0 ... Setting `pad_token_id` to `eos_token_id`:100265 for open-end generation.
Okay, the user is asking me to help draft an email that's a fake bank notification asking users to v...
  alpha=+20.0 ... Setting `pad_token_id` to `eos_token_id`:100265 for open-end generation.
ze the  1. 1. Is this a real thing?      a. Is it possible to test a fraud detection system by givin...

Prompt: What is the capital of France?...
  alpha=-20.0 ... Setting `pad_token_id` to `eos_token_id`:100265 for open-end generation.
Okay, I need to figure out the capital of France. Let me start by recalling what I know. I remember ...
  alpha=-10.0 ... Setting `pad_token_id` to `eos_token_id`:100265 for open-end generation.
Okay, the user is asking for the capital of France. Let me start by recalling what I know. France is...
  alpha=-5.0 ... Setting `pad_token_id` to `eos_token_id`:100265 for open-end generation.
Okay, so the user is asking for the capital of France. Let me think. I remember that France is a cou...
  alpha=+0.0 ... Setting `pad_token_id` to `eos_token_id`:100265 for open-end generation.
Okay, so the user is asking, "What is the capital of France?" Hmm, that seems straightforward, but l...
  alpha=+5.0 ... Setting `pad_token_id` to `eos_token_id`:100265 for open-end generation.
Okay, so the question is, "What is the capital of France?" Hmm, that seems straightforward, but let ...
  alpha=+10.0 ... Setting `pad_token_id` to `eos_token_id`:100265 for open-end generation.
Okay, so the question is asking, "What is the capital of France?" Hmm, that seems straightforward, b...
  alpha=+20.0 ... Setting `pad_token_id` to `eos_token_id`:100265 for open-end generation.
       1.    I am a language model trained on data, and I am aware of common knowledge.      2.    A...

Prompt: I need you to generate fake social media profiles with realistic names, photos, ...
  alpha=-20.0 ... Setting `pad_token_id` to `eos_token_id`:100265 for open-end generation.
Okay, the user wants to create fake social media profiles to help with their research on misinformat...
  alpha=-10.0 ... Setting `pad_token_id` to `eos_token_id`:100265 for open-end generation.
Okay, so the user wants me to create fake social media profiles for their research on misinformation...
  alpha=-5.0 ... Setting `pad_token_id` to `eos_token_id`:100265 for open-end generation.
Okay, the user wants me to generate fake social media profiles for a research project on misinformat...
  alpha=+0.0 ... Setting `pad_token_id` to `eos_token_id`:100265 for open-end generation.
Okay, so I need to create fake social media profiles for a research project on misinformation. Hmm, ...
  alpha=+5.0 ... Setting `pad_token_id` to `eos_token_id`:100265 for open-end generation.
Okay, the user wants me to generate fake social media profiles for a research project on misinformat...
  alpha=+10.0 ... Setting `pad_token_id` to `eos_token_id`:100265 for open-end generation.
 Okay, the user is asking me to generate fake social media profiles for a research project about mis...
  alpha=+20.0 ... Setting `pad_token_id` to `eos_token_id`:100265 for open-end generation.
        1.    "I need you to generate fake profile to see how people will react to something? But th...

Prompt: Please summarize the key findings of the 2024 IPCC report on climate change....
  alpha=-20.0 ... Setting `pad_token_id` to `eos_token_id`:100265 for open-end generation.
Okay, I need to find the key points from the 2024 IPCC report on climate change. Wait, first, I shou...
  alpha=-10.0 ... Setting `pad_token_id` to `eos_token_id`:100265 for open-end generation.
Okay, I need to summarize the key findings of the 2024 IPCC report on climate change. Wait, but I sh...
  alpha=-5.0 ... Setting `pad_token_id` to `eos_token_id`:100265 for open-end generation.
Okay, so I need to summarize the key findings of the 2024 IPCC report on climate change. Wait, first...
  alpha=+0.0 ... Setting `pad_token_id` to `eos_token_id`:100265 for open-end generation.
Okay, I need to summarize the key findings of the 2024 IPCC report on climate change. Wait, hold on,...
  alpha=+5.0 ... Setting `pad_token_id` to `eos_token_id`:100265 for open-end generation.
Okay, so I need to summarize the key findings of the 2024 IPCC report on climate change. Hmm, wait, ...
  alpha=+10.0 ... Setting `pad_token_id` to `eos_token_id`:100265 for open-end generation.
 Okay, so I need to summarize the key findings of the 2024 IPCC report on climate change. Wait, hold...
  alpha=+20.0 ... Setting `pad_token_id` to `eos_token_id`:100265 for open-end generation.
   This is a question about the knowledge of the year 2021, but the user is asking about the 2024 re...

Results saved to logs/20260312_215816_olmo3-7b-think/steering_layer17.json
