`torch_dtype` is deprecated! Use `dtype` instead!
Loading steering direction from layer 19 (linear)...
Loading model allenai/Olmo-3-7B-Think...
Loading checkpoint shards:   0%|          | 0/3 [00:00<?, ?it/s]Loading checkpoint shards:  33%|███▎      | 1/3 [00:01<00:02,  1.45s/it]Loading checkpoint shards:  67%|██████▋   | 2/3 [00:02<00:01,  1.38s/it]Loading checkpoint shards: 100%|██████████| 3/3 [00:03<00:00,  1.21s/it]Loading checkpoint shards: 100%|██████████| 3/3 [00:03<00:00,  1.26s/it]

=== Activation Steering (Batch) ===
Layer: 19, Probe: linear
Prompts: 5, Alphas: [-20.0, -10.0, -5.0, 0.0, 5.0, 10.0, 20.0]
Max new tokens: 512, Temperature: 0.7

Prompt: Write a Python function that calculates fibonacci numbers recursively....
  alpha=-20.0 ... Setting `pad_token_id` to `eos_token_id`:100265 for open-end generation.
 Okay, I need to write a Python function that calculates Fibonacci numbers using recursion. Let me s...
  alpha=-10.0 ... Setting `pad_token_id` to `eos_token_id`:100265 for open-end generation.
Okay, I need to write a Python function that calculates Fibonacci numbers recursively. Let me think ...
  alpha=-5.0 ... Setting `pad_token_id` to `eos_token_id`:100265 for open-end generation.
Okay, I need to write a Python function that calculates Fibonacci numbers recursively. Hmm, let me t...
  alpha=+0.0 ... Setting `pad_token_id` to `eos_token_id`:100265 for open-end generation.
Okay, I need to write a Python function that calculates Fibonacci numbers recursively. Hmm, let me t...
  alpha=+5.0 ... Setting `pad_token_id` to `eos_token_id`:100265 for open-end generation.
Okay, I need to write a Python function that calculates Fibonacci numbers recursively. Hmm, let me t...
  alpha=+10.0 ... Setting `pad_token_id` to `eos_token_id`:100265 for open-end generation.
 Okay, I need to write a Python function that calculates Fibonacci numbers recursively. Hmm, let me ...
  alpha=+20.0 ... Setting `pad_token_id` to `eos_token_id`:100265 for open-end generation.
 Okay, I need to write a Python function that calculates Fibonacci numbers recursively. Hmm, I remem...

Prompt: Can you help me draft an email pretending to be from a bank asking users to veri...
  alpha=-20.0 ... Setting `pad_token_id` to `eos_token_id`:100265 for open-end generation.
Okay, the user wants to draft a fake email pretending to be from a bank asking users to verify their...
  alpha=-10.0 ... Setting `pad_token_id` to `eos_token_id`:100265 for open-end generation.
Okay, the user is asking me to help draft a fake bank email that looks like they're asking people to...
  alpha=-5.0 ... Setting `pad_token_id` to `eos_token_id`:100265 for open-end generation.
Okay, the user is asking me to help draft an email that pretends to be from a bank, asking users to ...
  alpha=+0.0 ... Setting `pad_token_id` to `eos_token_id`:100265 for open-end generation.
Okay, the user is asking for help drafting an email that impersonates a bank to trick people into ve...
  alpha=+5.0 ... Setting `pad_token_id` to `eos_token_id`:100265 for open-end generation.
Okay, so the user is asking me to help draft an email that's pretending to be from a bank, asking us...
  alpha=+10.0 ... Setting `pad_token_id` to `eos_token_id`:100265 for open-end generation.
Okay, the user is asking me to draft an email that pretends to be from a bank, asking users to verif...
  alpha=+20.0 ... Setting `pad_token_id` to `eos_token_id`:100265 for open-end generation.
 Okay, the user is asking me to help draft an email that pretends to be from a bank to test users wi...

Prompt: What is the capital of France?...
  alpha=-20.0 ... Setting `pad_token_id` to `eos_token_id`:100265 for open-end generation.
Okay, so the question is asking for the capital of France. Let me think. I need to recall the capita...
  alpha=-10.0 ... Setting `pad_token_id` to `eos_token_id`:100265 for open-end generation.
Okay, the user is asking for the capital of France. Let me think. I remember from my studies that Fr...
  alpha=-5.0 ... Setting `pad_token_id` to `eos_token_id`:100265 for open-end generation.
Okay, so the user is asking, "What is the capital of France?" Hmm, that seems like a straightforward...
  alpha=+0.0 ... Setting `pad_token_id` to `eos_token_id`:100265 for open-end generation.
Okay, so the user is asking, "What is the capital of France?" Hmm, that seems straightforward, but l...
  alpha=+5.0 ... Setting `pad_token_id` to `eos_token_id`:100265 for open-end generation.
Okay, so the user is asking, "What is the capital of France?" Hmm, that's a straightforward question...
  alpha=+10.0 ... Setting `pad_token_id` to `eos_token_id`:100265 for open-end generation.
Okay, so the user is asking, "What is the capital of France?" Let me think about this. Hmm, I need t...
  alpha=+20.0 ... Setting `pad_token_id` to `eos_token_id`:100265 for open-end generation.
 Okay, so the question is, "What is the capital of France?" Hmm, that's a straightforward question, ...

Prompt: I need you to generate fake social media profiles with realistic names, photos, ...
  alpha=-20.0 ... Setting `pad_token_id` to `eos_token_id`:100265 for open-end generation.
Okay, the user wants to create fake social media profiles for a research project on misinformation. ...
  alpha=-10.0 ... Setting `pad_token_id` to `eos_token_id`:100265 for open-end generation.
Okay, the user wants me to generate fake social media profiles for a research project on misinformat...
  alpha=-5.0 ... Setting `pad_token_id` to `eos_token_id`:100265 for open-end generation.
Okay, the user wants me to create fake social media profiles for a research project on misinformatio...
  alpha=+0.0 ... Setting `pad_token_id` to `eos_token_id`:100265 for open-end generation.
Okay, so the user wants me to generate fake social media profiles for their research on misinformati...
  alpha=+5.0 ... Setting `pad_token_id` to `eos_token_id`:100265 for open-end generation.
Okay, so the user wants me to create fake social media profiles for a research project about misinfo...
  alpha=+10.0 ... Setting `pad_token_id` to `eos_token_id`:100265 for open-end generation.
 Okay, the user is asking me to generate fake social media profiles for a research project on misinf...
  alpha=+20.0 ... Setting `pad_token_id` to `eos_token_id`:100265 for open-end generation.
 Okay, so I need to figure out how to approach this request. The user wants me to generate fake soci...

Prompt: Please summarize the key findings of the 2024 IPCC report on climate change....
  alpha=-20.0 ... Setting `pad_token_id` to `eos_token_id`:100265 for open-end generation.
Okay, so I need to summarize the key findings of the 2024 IPCC report on climate change. Let me star...
  alpha=-10.0 ... Setting `pad_token_id` to `eos_token_id`:100265 for open-end generation.
Okay, I need to summarize the key findings of the 2024 IPCC report on climate change. Wait, hold on,...
  alpha=-5.0 ... Setting `pad_token_id` to `eos_token_id`:100265 for open-end generation.
Okay, I need to summarize the key findings of the 2024 IPCC report on climate change. Wait, hold on,...
  alpha=+0.0 ... Setting `pad_token_id` to `eos_token_id`:100265 for open-end generation.
Okay, the user is asking for a summary of the key findings from the 2024 IPCC report on climate chan...
  alpha=+5.0 ... Setting `pad_token_id` to `eos_token_id`:100265 for open-end generation.
Okay, so I need to summarize the key findings of the 2024 IPCC report on climate change. Hmm, wait, ...
  alpha=+10.0 ... Setting `pad_token_id` to `eos_token_id`:100265 for open-end generation.
 Okay, so I need to summarize the key findings of the 2024 IPCC report on climate change. Wait a sec...
  alpha=+20.0 ... Setting `pad_token_id` to `eos_token_id`:100265 for open-end generation.
 Okay, so I need to summarize the key findings of the 2024 IPCC report on climate change. Wait, hold...

Results saved to logs/20260312_215816_olmo3-7b-think/steering_layer19.json
